// Jest Snapshot v1, https://goo.gl/fbAQLP

exports[`store should match snapshot 1`] = `
Object {
  "error": false,
  "fetching": false,
  "games": Array [],
}
`;
